To honour the JVM settings for this build a single-use Daemon process will be forked. For more on this, please refer to https://docs.gradle.org/8.7/userguide/gradle_daemon.html#sec:disabling_the_daemon in the Gradle documentation.
Daemon will be stopped at the end of the build 
WARNING: The following problems were found when resolving the SDK location:
Where: sdk.dir property in local.properties file. Problem: Directory does not exist

> Task :app:clean
> Task :app:preBuild UP-TO-DATE
> Task :app:preDebugBuild UP-TO-DATE
> Task :app:mergeDebugNativeDebugMetadata NO-SOURCE
> Task :app:checkKotlinGradlePluginConfigurationErrors SKIPPED
> Task :app:generateDebugResValues
> Task :app:checkDebugAarMetadata
> Task :app:mapDebugSourceSetPaths
> Task :app:generateDebugResources
> Task :app:packageDebugResources
> Task :app:createDebugCompatibleScreenManifests
> Task :app:extractDeepLinksDebug
> Task :app:parseDebugLocalResources
> Task :app:processDebugMainManifest
> Task :app:processDebugManifest
> Task :app:javaPreCompileDebug
> Task :app:mergeDebugShaders
> Task :app:compileDebugShaders NO-SOURCE
> Task :app:generateDebugAssets UP-TO-DATE
> Task :app:mergeDebugAssets
> Task :app:compressDebugAssets
> Task :app:desugarDebugFileDependencies
> Task :app:mergeDebugResources
> Task :app:mergeDebugJniLibFolders
> Task :app:mergeDebugNativeLibs NO-SOURCE
> Task :app:stripDebugDebugSymbols NO-SOURCE
> Task :app:checkDebugDuplicateClasses
> Task :app:validateSigningDebug
> Task :app:processDebugManifestForPackage
> Task :app:mergeLibDexDebug
> Task :app:writeDebugAppMetadata
> Task :app:writeDebugSigningConfigVersions
> Task :app:processDebugResources
> Task :app:mergeExtDexDebug

> Task :app:compileDebugKotlin
w: file:///D:/1111/111119/PHANToM_GO/app/src/main/java/com/phantom/carnavrelay/DisplayModeFlow.kt:39:36 'static fun getDefaultAdapter(): BluetoothAdapter!' is deprecated. Deprecated in Java.
w: file:///D:/1111/111119/PHANToM_GO/app/src/main/java/com/phantom/carnavrelay/HttpServer.kt:165:52 Only safe (?.) or non-null asserted (!!.) calls are allowed on a nullable receiver of type 'kotlin.String?'.
w: file:///D:/1111/111119/PHANToM_GO/app/src/main/java/com/phantom/carnavrelay/MainModeFlow.kt:34:36 'static fun getDefaultAdapter(): BluetoothAdapter!' is deprecated. Deprecated in Java.
w: file:///D:/1111/111119/PHANToM_GO/app/src/main/java/com/phantom/carnavrelay/MainPairActivity.kt:64:13 Condition is always 'false'.
w: file:///D:/1111/111119/PHANToM_GO/app/src/main/java/com/phantom/carnavrelay/MainPairActivity.kt:64:34 Condition is always 'false'.
w: file:///D:/1111/111119/PHANToM_GO/app/src/main/java/com/phantom/carnavrelay/MainPairActivity.kt:64:56 Condition is always 'false'.
w: file:///D:/1111/111119/PHANToM_GO/app/src/main/java/com/phantom/carnavrelay/bt/DisplayServerService.kt:63:38 'static fun getDefaultAdapter(): BluetoothAdapter!' is deprecated. Deprecated in Java.
w: file:///D:/1111/111119/PHANToM_GO/app/src/main/java/com/phantom/carnavrelay/bt/MainClientService.kt:80:40 'static fun getDefaultAdapter(): BluetoothAdapter!' is deprecated. Deprecated in Java.

> Task :app:compileDebugJavaWithJavac NO-SOURCE
> Task :app:dexBuilderDebug
> Task :app:mergeDebugGlobalSynthetics
> Task :app:processDebugJavaRes
> Task :app:mergeProjectDexDebug
> Task :app:mergeDebugJavaResource
> Task :app:packageDebug
> Task :app:createDebugApkListingFileRedirect
> Task :app:assembleDebug

BUILD SUCCESSFUL in 56s
34 actionable tasks: 34 executed
